2026-07-08 15:37:11,266 | INFO     | Establishing NSE session (getting cookies)...
2026-07-08 15:37:12,610 | WARNING  | NSE homepage returned status 403, proceeding anyway...
2026-07-08 15:37:13,614 | INFO     | 
2026-07-08 15:37:13,615 | INFO     | =================================================================
2026-07-08 15:37:13,615 | INFO     |   [RUN] Date Range: 2026-07-01 to 2026-07-08
2026-07-08 15:37:13,615 | INFO     |   [INFO] 6 potential trading days
2026-07-08 15:37:13,615 | INFO     | =================================================================
2026-07-08 15:37:44,193 | INFO     |   [DONE] Date Range: 2026-07-01 to 2026-07-08: 5 new, 0 skipped, 1 holidays, 0 failed
2026-07-08 15:37:44,194 | INFO     |   [ORGANIZE] Creating expiry-cycle folders...
2026-07-08 15:37:44,335 | INFO     |   [FOLDER] FY_2026-27\2026-07-07_Expiry_0001: 4 trading days
2026-07-08 15:37:44,362 | INFO     |   [FOLDER] FY_2026-27\2026-07-14_Expiry_0002: 1 trading days
2026-07-08 15:38:30,857 | INFO     | Establishing NSE session (getting cookies)...
2026-07-08 15:38:32,513 | WARNING  | NSE homepage returned status 403, proceeding anyway...
2026-07-08 15:38:33,519 | INFO     | 
2026-07-08 15:38:33,519 | INFO     | =================================================================
2026-07-08 15:38:33,519 | INFO     |   [RUN] Date Range: 2026-07-01 to 2026-07-08
2026-07-08 15:38:33,519 | INFO     |   [INFO] 6 potential trading days
2026-07-08 15:38:33,519 | INFO     | =================================================================
2026-07-08 15:38:40,893 | INFO     |   [DONE] Date Range: 2026-07-01 to 2026-07-08: 0 new, 5 skipped, 1 holidays, 0 failed
2026-07-08 15:38:40,895 | INFO     |   [INFO] All data for Date Range: 2026-07-01 to 2026-07-08 was already downloaded previously.
2026-07-08 15:40:01,695 | INFO     | Establishing NSE session (getting cookies)...
2026-07-08 15:40:02,716 | WARNING  | NSE homepage returned status 403, proceeding anyway...
2026-07-08 15:40:03,727 | INFO     | 
2026-07-08 15:40:03,727 | INFO     | =================================================================
2026-07-08 15:40:03,727 | INFO     |   [RUN] Date Range: 2026-07-01 to 2026-07-08
2026-07-08 15:40:03,728 | INFO     |   [INFO] 6 potential trading days
2026-07-08 15:40:03,728 | INFO     | =================================================================
2026-07-08 15:40:12,581 | INFO     |   [DONE] Date Range: 2026-07-01 to 2026-07-08: 0 new, 5 skipped, 1 holidays, 0 failed
2026-07-08 15:40:12,581 | INFO     |   [INFO] All data for Date Range: 2026-07-01 to 2026-07-08 was already downloaded previously.
2026-07-08 15:48:19,092 | INFO     | Establishing NSE session (getting cookies)...
2026-07-08 15:48:20,213 | WARNING  | NSE homepage returned status 403, proceeding anyway...
2026-07-08 15:48:21,228 | INFO     | 
2026-07-08 15:48:21,228 | INFO     | =================================================================
2026-07-08 15:48:21,229 | INFO     |   [RUN] Date Range: 2026-07-01 to 2026-07-08
2026-07-08 15:48:21,229 | INFO     |   [INFO] 6 potential trading days
2026-07-08 15:48:21,229 | INFO     | =================================================================
2026-07-08 15:48:29,149 | INFO     |   [DONE] Date Range: 2026-07-01 to 2026-07-08: 0 new, 5 skipped, 1 holidays, 0 failed
2026-07-08 15:48:29,149 | INFO     |   [INFO] All data for Date Range: 2026-07-01 to 2026-07-08 was already downloaded previously.
2026-07-08 15:49:04,271 | INFO     | Establishing NSE session (getting cookies)...
2026-07-08 15:49:05,273 | WARNING  | NSE homepage returned status 403, proceeding anyway...
2026-07-08 15:49:06,294 | INFO     | 
2026-07-08 15:49:06,294 | INFO     | =================================================================
2026-07-08 15:49:06,294 | INFO     |   [RUN] Date Range: 2026-07-01 to 2026-07-08
2026-07-08 15:49:06,294 | INFO     |   [INFO] 6 potential trading days
2026-07-08 15:49:06,294 | INFO     | =================================================================
2026-07-08 15:49:35,848 | INFO     |   [DONE] Date Range: 2026-07-01 to 2026-07-08: 5 new, 0 skipped, 1 holidays, 0 failed
2026-07-08 15:49:35,848 | INFO     |   [ORGANIZE] Creating expiry-cycle folders...
2026-07-08 15:49:35,982 | INFO     |   [SAVED] 5 new option chain files in option_chain_data/
2026-07-08 16:02:24,920 | INFO     | Establishing NSE session (getting cookies)...
2026-07-08 16:02:25,874 | WARNING  | NSE homepage returned status 403, proceeding anyway...
2026-07-08 16:02:26,889 | INFO     | 
2026-07-08 16:02:26,889 | INFO     | =================================================================
2026-07-08 16:02:26,889 | INFO     |   [RUN] Date Range: 2026-07-01 to 2026-07-08
2026-07-08 16:02:26,889 | INFO     |   [INFO] 6 potential trading days
2026-07-08 16:02:26,889 | INFO     | =================================================================
2026-07-08 16:02:34,278 | INFO     |   [DONE] Date Range: 2026-07-01 to 2026-07-08: 0 new, 5 skipped, 1 holidays, 0 failed
2026-07-08 16:02:34,278 | INFO     |   [INFO] All data for Date Range: 2026-07-01 to 2026-07-08 was already downloaded previously.
2026-07-08 21:05:00,910 | INFO     | Establishing NSE session (getting cookies)...
2026-07-08 21:05:02,032 | WARNING  | NSE homepage returned status 403, proceeding anyway...
2026-07-08 21:05:03,036 | INFO     | 
2026-07-08 21:05:03,036 | INFO     | =================================================================
2026-07-08 21:05:03,036 | INFO     |   [RUN] Date Range: 2026-07-01 to 2026-07-08
2026-07-08 21:05:03,036 | INFO     |   [INFO] 6 potential trading days
2026-07-08 21:05:03,039 | INFO     | =================================================================
2026-07-08 21:05:12,699 | INFO     |   [DONE] Date Range: 2026-07-01 to 2026-07-08: 1 new, 5 skipped, 0 holidays, 0 failed
2026-07-08 21:05:12,699 | INFO     |   [ORGANIZE] Creating expiry-cycle folders...
2026-07-08 21:05:12,735 | INFO     |   [SAVED] 1 new option chain files in option_chain_data/
2026-07-08 22:24:20,943 | INFO     | Establishing NSE session (getting cookies)...
2026-07-08 22:24:22,139 | WARNING  | NSE homepage returned status 403, proceeding anyway...
2026-07-08 22:24:23,142 | INFO     | 
2026-07-08 22:24:23,142 | INFO     | =================================================================
2026-07-08 22:24:23,142 | INFO     |   [RUN] Date Range: 2026-07-01 to 2026-07-08
2026-07-08 22:24:23,143 | INFO     |   [INFO] 6 potential trading days
2026-07-08 22:24:23,143 | INFO     | =================================================================
2026-07-08 22:24:23,144 | INFO     |   [DONE] Date Range: 2026-07-01 to 2026-07-08: 0 new, 6 skipped, 0 holidays, 0 failed
2026-07-08 22:24:23,145 | INFO     |   [INFO] All data for Date Range: 2026-07-01 to 2026-07-08 was already downloaded previously.
2026-07-08 18:56:00,384 | INFO     | Establishing NSE session (getting cookies)...
2026-07-08 18:56:00,465 | WARNING  | NSE homepage returned status 403, proceeding anyway...
2026-07-08 18:56:01,467 | INFO     | 
2026-07-08 18:56:01,467 | INFO     | =================================================================
2026-07-08 18:56:01,467 | INFO     |   [RUN] Date Range: 2026-07-01 to 2026-07-08
2026-07-08 18:56:01,467 | INFO     |   [INFO] 6 potential trading days
2026-07-08 18:56:01,467 | INFO     | =================================================================
2026-07-08 18:56:01,468 | INFO     |   [DONE] Date Range: 2026-07-01 to 2026-07-08: 0 new, 6 skipped, 0 holidays, 0 failed
2026-07-08 18:56:01,468 | INFO     |   [INFO] All data for Date Range: 2026-07-01 to 2026-07-08 was already downloaded previously.
2026-07-09 14:05:44,033 | INFO     | Establishing NSE session (getting cookies)...
2026-07-09 14:05:44,111 | WARNING  | NSE homepage returned status 403, proceeding anyway...
2026-07-09 14:05:45,113 | INFO     | 
2026-07-09 14:05:45,113 | INFO     | =================================================================
2026-07-09 14:05:45,113 | INFO     |   [RUN] Date Range: 2026-07-01 to 2026-07-09
2026-07-09 14:05:45,113 | INFO     |   [INFO] 7 potential trading days
2026-07-09 14:05:45,113 | INFO     | =================================================================
2026-07-09 14:05:50,277 | INFO     |   [DONE] Date Range: 2026-07-01 to 2026-07-09: 1 new, 6 skipped, 0 holidays, 0 failed
2026-07-09 14:05:50,278 | INFO     |   [ORGANIZE] Creating expiry-cycle folders...
2026-07-09 14:05:50,289 | INFO     |   [SAVED] 1 new option chain files in option_chain_data/
2026-07-10 14:18:19,398 | INFO     | Establishing NSE session (getting cookies)...
2026-07-10 14:18:19,480 | WARNING  | NSE homepage returned status 403, proceeding anyway...
2026-07-10 14:18:20,482 | INFO     | 
2026-07-10 14:18:20,482 | INFO     | =================================================================
2026-07-10 14:18:20,482 | INFO     |   [RUN] Date Range: 2026-07-01 to 2026-07-10
2026-07-10 14:18:20,483 | INFO     |   [INFO] 8 potential trading days
2026-07-10 14:18:20,483 | INFO     | =================================================================
2026-07-10 14:18:26,318 | INFO     |   [DONE] Date Range: 2026-07-01 to 2026-07-10: 1 new, 7 skipped, 0 holidays, 0 failed
2026-07-10 14:18:26,318 | INFO     |   [ORGANIZE] Creating expiry-cycle folders...
2026-07-10 14:18:26,330 | INFO     |   [SAVED] 1 new option chain files in option_chain_data/
2026-07-10 19:10:15,474 | INFO     | Establishing NSE session (getting cookies)...
2026-07-10 19:10:15,605 | WARNING  | NSE homepage returned status 403, proceeding anyway...
2026-07-10 19:10:16,608 | INFO     | 
2026-07-10 19:10:16,608 | INFO     | =================================================================
2026-07-10 19:10:16,608 | INFO     |   [RUN] Date Range: 2026-07-01 to 2026-07-10
2026-07-10 19:10:16,608 | INFO     |   [INFO] 8 potential trading days
2026-07-10 19:10:16,608 | INFO     | =================================================================
2026-07-10 19:10:16,608 | INFO     |   [DONE] Date Range: 2026-07-01 to 2026-07-10: 0 new, 8 skipped, 0 holidays, 0 failed
2026-07-10 19:10:16,608 | INFO     |   [INFO] All data for Date Range: 2026-07-01 to 2026-07-10 was already downloaded previously.
2026-07-13 15:53:18,015 | INFO     | Establishing NSE session (getting cookies)...
2026-07-13 15:53:18,104 | WARNING  | NSE homepage returned status 403, proceeding anyway...
2026-07-13 15:53:19,107 | INFO     | 
2026-07-13 15:53:19,107 | INFO     | =================================================================
2026-07-13 15:53:19,107 | INFO     |   [RUN] Date Range: 2026-07-01 to 2026-07-13
2026-07-13 15:53:19,107 | INFO     |   [INFO] 9 potential trading days
2026-07-13 15:53:19,107 | INFO     | =================================================================
2026-07-13 15:53:26,299 | INFO     |   [DONE] Date Range: 2026-07-01 to 2026-07-13: 1 new, 8 skipped, 0 holidays, 0 failed
2026-07-13 15:53:26,299 | INFO     |   [ORGANIZE] Creating expiry-cycle folders...
2026-07-13 15:53:26,311 | INFO     |   [SAVED] 1 new option chain files in option_chain_data/
2026-07-13 19:06:35,267 | INFO     | Establishing NSE session (getting cookies)...
2026-07-13 19:06:35,366 | WARNING  | NSE homepage returned status 403, proceeding anyway...
2026-07-13 19:06:36,369 | INFO     | 
2026-07-13 19:06:36,369 | INFO     | =================================================================
2026-07-13 19:06:36,369 | INFO     |   [RUN] Date Range: 2026-07-01 to 2026-07-13
2026-07-13 19:06:36,369 | INFO     |   [INFO] 9 potential trading days
2026-07-13 19:06:36,369 | INFO     | =================================================================
2026-07-13 19:06:36,370 | INFO     |   [DONE] Date Range: 2026-07-01 to 2026-07-13: 0 new, 9 skipped, 0 holidays, 0 failed
2026-07-13 19:06:36,370 | INFO     |   [INFO] All data for Date Range: 2026-07-01 to 2026-07-13 was already downloaded previously.
2026-07-14 18:16:08,866 | INFO     | Establishing NSE session (getting cookies)...
2026-07-14 18:16:09,051 | WARNING  | NSE homepage returned status 403, proceeding anyway...
2026-07-14 18:16:10,054 | INFO     | 
2026-07-14 18:16:10,054 | INFO     | =================================================================
2026-07-14 18:16:10,054 | INFO     |   [RUN] Date Range: 2026-07-01 to 2026-07-14
2026-07-14 18:16:10,054 | INFO     |   [INFO] 10 potential trading days
2026-07-14 18:16:10,054 | INFO     | =================================================================
2026-07-14 18:16:14,599 | INFO     |   [DONE] Date Range: 2026-07-01 to 2026-07-14: 1 new, 9 skipped, 0 holidays, 0 failed
2026-07-14 18:16:14,599 | INFO     |   [ORGANIZE] Creating expiry-cycle folders...
2026-07-14 18:16:14,610 | INFO     |   [SAVED] 1 new option chain files in option_chain_data/
2026-07-15 18:19:44,152 | INFO     | Establishing NSE session (getting cookies)...
2026-07-15 18:19:44,273 | WARNING  | NSE homepage returned status 403, proceeding anyway...
2026-07-15 18:19:45,275 | INFO     | 
2026-07-15 18:19:45,276 | INFO     | =================================================================
2026-07-15 18:19:45,276 | INFO     |   [RUN] Date Range: 2026-07-01 to 2026-07-15
2026-07-15 18:19:45,276 | INFO     |   [INFO] 11 potential trading days
2026-07-15 18:19:45,276 | INFO     | =================================================================
2026-07-15 18:19:53,601 | INFO     |   [DONE] Date Range: 2026-07-01 to 2026-07-15: 1 new, 10 skipped, 0 holidays, 0 failed
2026-07-15 18:19:53,601 | INFO     |   [ORGANIZE] Creating expiry-cycle folders...
2026-07-15 18:19:53,611 | INFO     |   [SAVED] 1 new option chain files in option_chain_data/
2026-07-16 14:27:00,038 | INFO     | Establishing NSE session (getting cookies)...
2026-07-16 14:27:00,365 | WARNING  | NSE homepage returned status 403, proceeding anyway...
2026-07-16 14:27:01,368 | INFO     | 
2026-07-16 14:27:01,368 | INFO     | =================================================================
2026-07-16 14:27:01,368 | INFO     |   [RUN] Date Range: 2026-07-01 to 2026-07-16
2026-07-16 14:27:01,368 | INFO     |   [INFO] 12 potential trading days
2026-07-16 14:27:01,368 | INFO     | =================================================================
2026-07-16 14:27:09,037 | INFO     |   [DONE] Date Range: 2026-07-01 to 2026-07-16: 1 new, 11 skipped, 0 holidays, 0 failed
2026-07-16 14:27:09,037 | INFO     |   [ORGANIZE] Creating expiry-cycle folders...
2026-07-16 14:27:09,048 | INFO     |   [SAVED] 1 new option chain files in option_chain_data/
2026-07-16 18:19:44,513 | INFO     | Establishing NSE session (getting cookies)...
2026-07-16 18:19:44,603 | WARNING  | NSE homepage returned status 403, proceeding anyway...
2026-07-16 18:19:45,606 | INFO     | 
2026-07-16 18:19:45,606 | INFO     | =================================================================
2026-07-16 18:19:45,606 | INFO     |   [RUN] Date Range: 2026-07-01 to 2026-07-16
2026-07-16 18:19:45,606 | INFO     |   [INFO] 12 potential trading days
2026-07-16 18:19:45,606 | INFO     | =================================================================
2026-07-16 18:19:45,607 | INFO     |   [DONE] Date Range: 2026-07-01 to 2026-07-16: 0 new, 12 skipped, 0 holidays, 0 failed
2026-07-16 18:19:45,607 | INFO     |   [INFO] All data for Date Range: 2026-07-01 to 2026-07-16 was already downloaded previously.
2026-07-17 17:52:53,890 | INFO     | Establishing NSE session (getting cookies)...
2026-07-17 17:52:53,961 | WARNING  | NSE homepage returned status 403, proceeding anyway...
2026-07-17 17:52:54,964 | INFO     | 
2026-07-17 17:52:54,964 | INFO     | =================================================================
2026-07-17 17:52:54,964 | INFO     |   [RUN] Date Range: 2026-07-01 to 2026-07-17
2026-07-17 17:52:54,964 | INFO     |   [INFO] 13 potential trading days
2026-07-17 17:52:54,964 | INFO     | =================================================================
2026-07-17 17:53:01,074 | INFO     |   [DONE] Date Range: 2026-07-01 to 2026-07-17: 1 new, 12 skipped, 0 holidays, 0 failed
2026-07-17 17:53:01,074 | INFO     |   [ORGANIZE] Creating expiry-cycle folders...
2026-07-17 17:53:01,085 | INFO     |   [SAVED] 1 new option chain files in option_chain_data/
2026-07-20 20:35:37,367 | INFO     | Establishing NSE session (getting cookies)...
2026-07-20 20:35:37,515 | WARNING  | NSE homepage returned status 403, proceeding anyway...
2026-07-20 20:35:38,517 | INFO     | 
2026-07-20 20:35:38,517 | INFO     | =================================================================
2026-07-20 20:35:38,517 | INFO     |   [RUN] Date Range: 2026-07-01 to 2026-07-20
2026-07-20 20:35:38,517 | INFO     |   [INFO] 14 potential trading days
2026-07-20 20:35:38,517 | INFO     | =================================================================
2026-07-20 20:43:45,672 | INFO     |   [DONE] Date Range: 2026-07-01 to 2026-07-20: 0 new, 13 skipped, 1 holidays, 0 failed
2026-07-20 20:43:45,672 | INFO     |   [INFO] All data for Date Range: 2026-07-01 to 2026-07-20 was already downloaded previously.
2026-07-21 17:32:33,880 | INFO     | Establishing NSE session (getting cookies)...
2026-07-21 17:32:33,960 | WARNING  | NSE homepage returned status 403, proceeding anyway...
2026-07-21 17:32:34,962 | INFO     | 
2026-07-21 17:32:34,962 | INFO     | =================================================================
2026-07-21 17:32:34,962 | INFO     |   [RUN] Date Range: 2026-07-01 to 2026-07-21
2026-07-21 17:32:34,962 | INFO     |   [INFO] 15 potential trading days
2026-07-21 17:32:34,962 | INFO     | =================================================================
2026-07-21 17:32:45,630 | INFO     |   [DONE] Date Range: 2026-07-01 to 2026-07-21: 2 new, 13 skipped, 0 holidays, 0 failed
2026-07-21 17:32:45,630 | INFO     |   [ORGANIZE] Creating expiry-cycle folders...
2026-07-21 17:32:45,650 | INFO     |   [SAVED] 2 new option chain files in option_chain_data/
2026-07-21 18:52:33,729 | INFO     | Establishing NSE session (getting cookies)...
2026-07-21 18:52:33,779 | WARNING  | NSE homepage returned status 403, proceeding anyway...
2026-07-21 18:52:34,781 | INFO     | 
2026-07-21 18:52:34,782 | INFO     | =================================================================
2026-07-21 18:52:34,782 | INFO     |   [RUN] Date Range: 2026-07-01 to 2026-07-21
2026-07-21 18:52:34,782 | INFO     |   [INFO] 15 potential trading days
2026-07-21 18:52:34,782 | INFO     | =================================================================
2026-07-21 18:52:34,782 | INFO     |   [DONE] Date Range: 2026-07-01 to 2026-07-21: 0 new, 15 skipped, 0 holidays, 0 failed
2026-07-21 18:52:34,782 | INFO     |   [INFO] All data for Date Range: 2026-07-01 to 2026-07-21 was already downloaded previously.
2026-07-22 18:43:39,181 | INFO     | Establishing NSE session (getting cookies)...
2026-07-22 18:43:39,241 | WARNING  | NSE homepage returned status 403, proceeding anyway...
2026-07-22 18:43:40,243 | INFO     | 
2026-07-22 18:43:40,243 | INFO     | =================================================================
2026-07-22 18:43:40,243 | INFO     |   [RUN] Date Range: 2026-07-01 to 2026-07-22
2026-07-22 18:43:40,243 | INFO     |   [INFO] 16 potential trading days
2026-07-22 18:43:40,243 | INFO     | =================================================================
2026-07-22 18:43:46,575 | INFO     |   [DONE] Date Range: 2026-07-01 to 2026-07-22: 1 new, 15 skipped, 0 holidays, 0 failed
2026-07-22 18:43:46,575 | INFO     |   [ORGANIZE] Creating expiry-cycle folders...
2026-07-22 18:43:46,585 | INFO     |   [SAVED] 1 new option chain files in option_chain_data/
2026-07-23 18:48:08,262 | INFO     | Establishing NSE session (getting cookies)...
2026-07-23 18:48:08,363 | WARNING  | NSE homepage returned status 403, proceeding anyway...
2026-07-23 18:48:09,365 | INFO     | 
2026-07-23 18:48:09,365 | INFO     | =================================================================
2026-07-23 18:48:09,365 | INFO     |   [RUN] Date Range: 2026-07-01 to 2026-07-23
2026-07-23 18:48:09,365 | INFO     |   [INFO] 17 potential trading days
2026-07-23 18:48:09,365 | INFO     | =================================================================
2026-07-23 18:48:15,645 | INFO     |   [DONE] Date Range: 2026-07-01 to 2026-07-23: 1 new, 16 skipped, 0 holidays, 0 failed
2026-07-23 18:48:15,645 | INFO     |   [ORGANIZE] Creating expiry-cycle folders...
2026-07-23 18:48:15,656 | INFO     |   [SAVED] 1 new option chain files in option_chain_data/
2026-07-24 19:05:20,183 | INFO     | Establishing NSE session (getting cookies)...
2026-07-24 19:05:20,248 | WARNING  | NSE homepage returned status 403, proceeding anyway...
2026-07-24 19:05:21,250 | INFO     | 
2026-07-24 19:05:21,250 | INFO     | =================================================================
2026-07-24 19:05:21,250 | INFO     |   [RUN] Date Range: 2026-07-01 to 2026-07-24
2026-07-24 19:05:21,250 | INFO     |   [INFO] 18 potential trading days
2026-07-24 19:05:21,250 | INFO     | =================================================================
2026-07-24 19:05:27,892 | INFO     |   [DONE] Date Range: 2026-07-01 to 2026-07-24: 1 new, 17 skipped, 0 holidays, 0 failed
2026-07-24 19:05:27,892 | INFO     |   [ORGANIZE] Creating expiry-cycle folders...
2026-07-24 19:05:27,903 | INFO     |   [SAVED] 1 new option chain files in option_chain_data/
2026-07-27 15:41:40,079 | INFO     | Establishing NSE session (getting cookies)...
2026-07-27 15:41:40,201 | WARNING  | NSE homepage returned status 403, proceeding anyway...
2026-07-27 15:41:41,203 | INFO     | 
2026-07-27 15:41:41,203 | INFO     | =================================================================
2026-07-27 15:41:41,203 | INFO     |   [RUN] Date Range: 2026-07-01 to 2026-07-27
2026-07-27 15:41:41,203 | INFO     |   [INFO] 19 potential trading days
2026-07-27 15:41:41,203 | INFO     | =================================================================
2026-07-27 15:41:47,985 | INFO     |   [DONE] Date Range: 2026-07-01 to 2026-07-27: 1 new, 18 skipped, 0 holidays, 0 failed
2026-07-27 15:41:47,985 | INFO     |   [ORGANIZE] Creating expiry-cycle folders...
2026-07-27 15:41:47,996 | INFO     |   [SAVED] 1 new option chain files in option_chain_data/
2026-07-27 16:35:08,475 | INFO     | Establishing NSE session (getting cookies)...
2026-07-27 16:35:08,623 | WARNING  | NSE homepage returned status 403, proceeding anyway...
2026-07-27 16:35:09,626 | INFO     | 
2026-07-27 16:35:09,626 | INFO     | =================================================================
2026-07-27 16:35:09,626 | INFO     |   [RUN] Date Range: 2026-07-01 to 2026-07-27
2026-07-27 16:35:09,626 | INFO     |   [INFO] 19 potential trading days
2026-07-27 16:35:09,626 | INFO     | =================================================================
2026-07-27 16:35:09,626 | INFO     |   [DONE] Date Range: 2026-07-01 to 2026-07-27: 0 new, 19 skipped, 0 holidays, 0 failed
2026-07-27 16:35:09,626 | INFO     |   [INFO] All data for Date Range: 2026-07-01 to 2026-07-27 was already downloaded previously.
2026-07-28 16:16:29,075 | INFO     | Establishing NSE session (getting cookies)...
2026-07-28 16:16:29,147 | WARNING  | NSE homepage returned status 403, proceeding anyway...
2026-07-28 16:16:30,150 | INFO     | 
2026-07-28 16:16:30,150 | INFO     | =================================================================
2026-07-28 16:16:30,150 | INFO     |   [RUN] Date Range: 2026-07-01 to 2026-07-28
2026-07-28 16:16:30,150 | INFO     |   [INFO] 20 potential trading days
2026-07-28 16:16:30,150 | INFO     | =================================================================
2026-07-28 16:16:36,839 | INFO     |   [DONE] Date Range: 2026-07-01 to 2026-07-28: 1 new, 19 skipped, 0 holidays, 0 failed
2026-07-28 16:16:36,839 | INFO     |   [ORGANIZE] Creating expiry-cycle folders...
2026-07-28 16:16:36,850 | INFO     |   [SAVED] 1 new option chain files in option_chain_data/
2026-07-29 15:59:02,074 | INFO     | Establishing NSE session (getting cookies)...
2026-07-29 15:59:02,184 | WARNING  | NSE homepage returned status 403, proceeding anyway...
2026-07-29 15:59:03,186 | INFO     | 
2026-07-29 15:59:03,187 | INFO     | =================================================================
2026-07-29 15:59:03,187 | INFO     |   [RUN] Date Range: 2026-07-01 to 2026-07-29
2026-07-29 15:59:03,187 | INFO     |   [INFO] 21 potential trading days
2026-07-29 15:59:03,187 | INFO     | =================================================================
2026-07-29 15:59:09,619 | INFO     |   [DONE] Date Range: 2026-07-01 to 2026-07-29: 1 new, 20 skipped, 0 holidays, 0 failed
2026-07-29 15:59:09,619 | INFO     |   [ORGANIZE] Creating expiry-cycle folders...
2026-07-29 15:59:09,628 | INFO     |   [SAVED] 1 new option chain files in option_chain_data/
2026-07-30 16:01:28,134 | INFO     | Establishing NSE session (getting cookies)...
2026-07-30 16:01:28,358 | WARNING  | NSE homepage returned status 403, proceeding anyway...
2026-07-30 16:01:29,361 | INFO     | 
2026-07-30 16:01:29,361 | INFO     | =================================================================
2026-07-30 16:01:29,361 | INFO     |   [RUN] Date Range: 2026-07-01 to 2026-07-30
2026-07-30 16:01:29,361 | INFO     |   [INFO] 22 potential trading days
2026-07-30 16:01:29,361 | INFO     | =================================================================
2026-07-30 16:01:35,087 | INFO     |   [DONE] Date Range: 2026-07-01 to 2026-07-30: 1 new, 21 skipped, 0 holidays, 0 failed
2026-07-30 16:01:35,087 | INFO     |   [ORGANIZE] Creating expiry-cycle folders...
2026-07-30 16:01:35,094 | INFO     |   [SAVED] 1 new option chain files in option_chain_data/
2026-07-31 16:13:42,677 | INFO     | Establishing NSE session (getting cookies)...
2026-07-31 16:13:42,736 | WARNING  | NSE homepage returned status 403, proceeding anyway...
2026-07-31 16:13:43,738 | INFO     | 
2026-07-31 16:13:43,738 | INFO     | =================================================================
2026-07-31 16:13:43,738 | INFO     |   [RUN] Date Range: 2026-07-01 to 2026-07-31
2026-07-31 16:13:43,738 | INFO     |   [INFO] 23 potential trading days
2026-07-31 16:13:43,738 | INFO     | =================================================================
2026-07-31 16:13:49,503 | INFO     |   [DONE] Date Range: 2026-07-01 to 2026-07-31: 1 new, 22 skipped, 0 holidays, 0 failed
2026-07-31 16:13:49,503 | INFO     |   [ORGANIZE] Creating expiry-cycle folders...
2026-07-31 16:13:49,511 | INFO     |   [SAVED] 1 new option chain files in option_chain_data/
2026-08-03 16:42:25,205 | INFO     | Establishing NSE session (getting cookies)...
2026-08-03 16:42:25,344 | WARNING  | NSE homepage returned status 403, proceeding anyway...
2026-08-03 16:42:26,346 | INFO     | 
2026-08-03 16:42:26,346 | INFO     | =================================================================
2026-08-03 16:42:26,346 | INFO     |   [RUN] Date Range: 2026-08-01 to 2026-08-03
2026-08-03 16:42:26,346 | INFO     |   [INFO] 1 potential trading days
2026-08-03 16:42:26,346 | INFO     | =================================================================
2026-08-03 16:42:32,229 | INFO     |   [DONE] Date Range: 2026-08-01 to 2026-08-03: 1 new, 0 skipped, 0 holidays, 0 failed
2026-08-03 16:42:32,229 | INFO     |   [ORGANIZE] Creating expiry-cycle folders...
2026-08-03 16:42:32,242 | INFO     |   [SAVED] 1 new option chain files in option_chain_data/
2026-08-04 16:23:48,872 | INFO     | Establishing NSE session (getting cookies)...
2026-08-04 16:23:48,942 | WARNING  | NSE homepage returned status 403, proceeding anyway...
2026-08-04 16:23:49,943 | INFO     | 
2026-08-04 16:23:49,944 | INFO     | =================================================================
2026-08-04 16:23:49,944 | INFO     |   [RUN] Date Range: 2026-08-01 to 2026-08-04
2026-08-04 16:23:49,944 | INFO     |   [INFO] 2 potential trading days
2026-08-04 16:23:49,944 | INFO     | =================================================================
2026-08-04 16:23:55,453 | INFO     |   [DONE] Date Range: 2026-08-01 to 2026-08-04: 1 new, 1 skipped, 0 holidays, 0 failed
2026-08-04 16:23:55,453 | INFO     |   [ORGANIZE] Creating expiry-cycle folders...
2026-08-04 16:23:55,465 | INFO     |   [SAVED] 1 new option chain files in option_chain_data/
2026-08-05 16:12:14,740 | INFO     | Establishing NSE session (getting cookies)...
2026-08-05 16:12:14,943 | WARNING  | NSE homepage returned status 403, proceeding anyway...
2026-08-05 16:12:15,945 | INFO     | 
2026-08-05 16:12:15,945 | INFO     | =================================================================
2026-08-05 16:12:15,945 | INFO     |   [RUN] Date Range: 2026-08-01 to 2026-08-05
2026-08-05 16:12:15,945 | INFO     |   [INFO] 3 potential trading days
2026-08-05 16:12:15,945 | INFO     | =================================================================
2026-08-05 16:12:22,392 | INFO     |   [DONE] Date Range: 2026-08-01 to 2026-08-05: 1 new, 2 skipped, 0 holidays, 0 failed
2026-08-05 16:12:22,392 | INFO     |   [ORGANIZE] Creating expiry-cycle folders...
2026-08-05 16:12:22,402 | INFO     |   [SAVED] 1 new option chain files in option_chain_data/
2026-08-07 15:11:05,128 | INFO     | Establishing NSE session (getting cookies)...
2026-08-07 15:11:05,267 | WARNING  | NSE homepage returned status 403, proceeding anyway...
2026-08-07 15:11:06,270 | INFO     | 
2026-08-07 15:11:06,270 | INFO     | =================================================================
2026-08-07 15:11:06,270 | INFO     |   [RUN] Date Range: 2026-08-01 to 2026-08-07
2026-08-07 15:11:06,270 | INFO     |   [INFO] 5 potential trading days
2026-08-07 15:11:06,270 | INFO     | =================================================================
2026-08-07 15:11:18,187 | INFO     |   [DONE] Date Range: 2026-08-01 to 2026-08-07: 2 new, 3 skipped, 0 holidays, 0 failed
2026-08-07 15:11:18,187 | INFO     |   [ORGANIZE] Creating expiry-cycle folders...
2026-08-07 15:11:18,210 | INFO     |   [SAVED] 2 new option chain files in option_chain_data/
2026-08-10 15:18:26,928 | INFO     | Establishing NSE session (getting cookies)...
2026-08-10 15:18:26,995 | WARNING  | NSE homepage returned status 403, proceeding anyway...
2026-08-10 15:18:27,997 | INFO     | 
2026-08-10 15:18:27,997 | INFO     | =================================================================
2026-08-10 15:18:27,997 | INFO     |   [RUN] Date Range: 2026-08-01 to 2026-08-10
2026-08-10 15:18:27,997 | INFO     |   [INFO] 6 potential trading days
2026-08-10 15:18:27,997 | INFO     | =================================================================
2026-08-10 15:18:33,116 | INFO     |   [DONE] Date Range: 2026-08-01 to 2026-08-10: 1 new, 5 skipped, 0 holidays, 0 failed
2026-08-10 15:18:33,116 | INFO     |   [ORGANIZE] Creating expiry-cycle folders...
2026-08-10 15:18:33,128 | INFO     |   [SAVED] 1 new option chain files in option_chain_data/
2026-08-11 15:17:46,006 | INFO     | Establishing NSE session (getting cookies)...
2026-08-11 15:17:46,111 | WARNING  | NSE homepage returned status 403, proceeding anyway...
2026-08-11 15:17:47,113 | INFO     | 
2026-08-11 15:17:47,114 | INFO     | =================================================================
2026-08-11 15:17:47,114 | INFO     |   [RUN] Date Range: 2026-08-01 to 2026-08-11
2026-08-11 15:17:47,114 | INFO     |   [INFO] 7 potential trading days
2026-08-11 15:17:47,114 | INFO     | =================================================================
2026-08-11 15:17:51,286 | INFO     |   [DONE] Date Range: 2026-08-01 to 2026-08-11: 1 new, 6 skipped, 0 holidays, 0 failed
2026-08-11 15:17:51,286 | INFO     |   [ORGANIZE] Creating expiry-cycle folders...
2026-08-11 15:17:51,298 | INFO     |   [SAVED] 1 new option chain files in option_chain_data/
2026-08-12 15:16:40,136 | INFO     | Establishing NSE session (getting cookies)...
2026-08-12 15:16:40,423 | WARNING  | NSE homepage returned status 403, proceeding anyway...
2026-08-12 15:16:41,425 | INFO     | 
2026-08-12 15:16:41,425 | INFO     | =================================================================
2026-08-12 15:16:41,425 | INFO     |   [RUN] Date Range: 2026-08-01 to 2026-08-12
2026-08-12 15:16:41,425 | INFO     |   [INFO] 8 potential trading days
2026-08-12 15:16:41,425 | INFO     | =================================================================
2026-08-12 15:16:49,432 | INFO     |   [DONE] Date Range: 2026-08-01 to 2026-08-12: 1 new, 7 skipped, 0 holidays, 0 failed
2026-08-12 15:16:49,432 | INFO     |   [ORGANIZE] Creating expiry-cycle folders...
2026-08-12 15:16:49,443 | INFO     |   [SAVED] 1 new option chain files in option_chain_data/
